
> restiqa@1.0.0 build
> next build

Γû▓ Next.js 16.1.6 (Turbopack)
- Environments: .env.local

  Creating an optimized production build ...
Γ£ô Compiled successfully in 12.6s
  Running TypeScript ...
node.exe : Failed to compile.
At C:\Program Files\nodejs\npm.ps1:29 char:3
+   & $NODE_EXE $NPM_CLI_JS $args
+   ~~~~~~~~~~~~~~~~~~~~~~~~~~~~~
    + CategoryInfo          : NotSpecified: (Failed 
    to compile.:String) [], RemoteException
    + FullyQualifiedErrorId : NativeCommandError
 

./src/app/admin/page.tsx:400:15
Type error: Argument of type 'any' is not 
assignable to parameter of type 'never'.

[0m [90m 398 |[39m     [36mconst[39m { error } 
[33m=[39m [36mawait[39m supabase
 [90m 399 |[39m       
[33m.[39m[36mfrom[39m([32m'properties'[39m)
[31m[1m>[22m[39m[90m 400 |[39m       
[33m.[39mupdate({ is_approved[33m:[39m 
[36mtrue[39m } [36mas[39m any)
 [90m     |[39m               [31m[1m^[22m[39m
 [90m 401 |[39m       
[33m.[39meq([32m'id'[39m[33m,[39m propertyId)
 [90m 402 |[39m
 [90m 403 |[39m     [36mif[39m (error) {[0m
Next.js build worker exited with code: 1 and 
signal: null
